// Jest Snapshot v1, https://goo.gl/fbAQLP

exports[`Our Sponsors renders correctly 1`] = `
<div
  className="ant-row ourSponsorsWrapper"
  style={Object {}}
>
  <div
    className="ant-col ant-col-24 ourSponsorsWrapper"
    style={Object {}}
  >
    <h1
      className="ant-typography"
      style={
        Object {
          "WebkitLineClamp": null,
        }
      }
    >
      ourSponsorsComp.card.title0
    </h1>
  </div>
  <div
    className="ant-row ourSponsorLogos"
    style={
      Object {
        "marginBottom": 4,
        "marginLeft": -24,
        "marginRight": -24,
        "marginTop": -4,
      }
    }
  >
    <div
      className="ant-col ant-col-xs-24 ant-col-sm-24 ant-col-md-12 ant-col-xl-6"
      style={
        Object {
          "paddingBottom": 4,
          "paddingLeft": 24,
          "paddingRight": 24,
          "paddingTop": 4,
        }
      }
    >
      <svg
        className="burgerKing"
      >
        BurgerKing.svg
      </svg>
    </div>
    <div
      className="ant-col ant-col-xs-24 ant-col-sm-24 ant-col-md-12 ant-col-xl-6"
      style={
        Object {
          "paddingBottom": 4,
          "paddingLeft": 24,
          "paddingRight": 24,
          "paddingTop": 4,
        }
      }
    >
      <svg>
        McDonalds.svg
      </svg>
    </div>
    <div
      className="ant-col ant-col-xs-24 ant-col-sm-24 ant-col-md-12 ant-col-xl-6"
      style={
        Object {
          "paddingBottom": 4,
          "paddingLeft": 24,
          "paddingRight": 24,
          "paddingTop": 4,
        }
      }
    >
      <svg
        className="arby"
      >
        Arby.svg
      </svg>
    </div>
    <div
      className="ant-col ant-col-xs-24 ant-col-sm-24 ant-col-md-12 ant-col-xl-6"
      style={
        Object {
          "paddingBottom": 4,
          "paddingLeft": 24,
          "paddingRight": 24,
          "paddingTop": 4,
        }
      }
    >
      <svg>
        PizzaHut.svg
      </svg>
    </div>
  </div>
</div>
`;
